// Jest Snapshot v1, https://goo.gl/fbAQLP

exports[`watheia.content-api getDocuments fully resolves all local content 1`] = `
[
  {
    "context": {
      "filePath": "pages/index.md",
    },
    "createdAt": "2024-03-17T02:48:51.984Z",
    "fields": {
      "sections": {
        "items": [],
        "type": "list",
      },
      "slug": {
        "type": "string",
        "value": "/",
      },
      "title": {
        "type": "string",
        "value": "Home Page",
      },
    },
    "id": "pages/index.md",
    "manageUrl": "",
    "modelName": "Page",
    "status": "published",
    "type": "document",
    "updatedAt": "2024-03-17T04:24:37.331Z",
  },
]
`;
